.\mvnw : WARNING: A 
terminally deprecated method 
in sun.misc.Unsafe has been 
called
En línea: 1 Carácter: 70
+ ... ding = 
[Text.Encoding]::UTF8; 
.\mvnw clean compile > 
compile.log 2>&1
+                            
       ~~~~~~~~~~~~~~~~~~~~~~
~~~~~~~~~~~~~~~~~
    + CategoryInfo           
   : NotSpecified: (WARNING  
  : A term...has been call   
 ed:String) [], RemoteExc    
eption
    + FullyQualifiedErrorId  
   : NativeCommandError
 
WARNING: sun.misc.Unsafe::sta
ticFieldBase has been called 
by com.google.inject.internal
.aop.HiddenClassDefiner (file
:/C:/Users/ramiro.bociga/.m2/
wrapper/dists/apache-maven-3.
9.11/03d7e36a140982eea48e22c1
dcac01d8862b2550b2939e09a0809
bbc5182a5bc/lib/guice-5.1.0-c
lasses.jar)
WARNING: Please consider 
reporting this to the 
maintainers of class com.goog
le.inject.internal.aop.Hidden
ClassDefiner
WARNING: sun.misc.Unsafe::sta
ticFieldBase will be removed 
in a future release
[INFO] Scanning for projects...
[INFO] 
[INFO] -------------------< com.chancla:chancla-lite-auth >--------------------
[INFO] Building Chancla Lite Auth 0.0.1-SNAPSHOT
[INFO]   from pom.xml
[INFO] --------------------------------[ jar ]---------------------------------
[INFO] 
[INFO] --- clean:3.3.2:clean (default-clean) @ chancla-lite-auth ---
[INFO] Deleting C:\Users\ramiro.bociga\Documents\Proyecto MajoStep\BackendChanclas\chancla-lite-auth\target
[INFO] 
[INFO] --- resources:3.3.1:resources (default-resources) @ chancla-lite-auth ---
[INFO] Copying 1 resource from src\main\resources to target\classes
[INFO] Copying 0 resource from src\main\resources to target\classes
[INFO] 
[INFO] --- compiler:3.11.0:compile (default-compile) @ chancla-lite-auth ---
[INFO] Changes detected - recompiling the module! :source
[INFO] Compiling 112 source files with javac [debug release 17] to target\classes
[INFO] ------------------------------------------------------------------------
[INFO] BUILD FAILURE
[INFO] ------------------------------------------------------------------------
[INFO] Total time:  3.330 s
[INFO] Finished at: 2026-03-24T10:49:50-05:00
[INFO] ------------------------------------------------------------------------
[ERROR] Failed to execute goal org.apache.maven.plugins:maven-compiler-plugin:3.11.0:compile (default-compile) on project chancla-lite-auth: Fatal error compiling: java.lang.ExceptionInInitializerError: com.sun.tools.javac.code.TypeTag :: UNKNOWN -> [Help 1]
[ERROR] 
[ERROR] To see the full stack trace of the errors, re-run Maven with the -e switch.
[ERROR] Re-run Maven using the -X switch to enable full debug logging.
[ERROR] 
[ERROR] For more information about the errors and possible solutions, please read the following articles:
[ERROR] [Help 1] http://cwiki.apache.org/confluence/display/MAVEN/MojoExecutionException
