[INFO] Scanning for projects...
[INFO] 
[INFO] -------------------< com.chancla:chancla-lite-auth >--------------------
[INFO] Building Chancla Lite Auth 0.0.1-SNAPSHOT
[INFO]   from pom.xml
[INFO] --------------------------------[ jar ]---------------------------------
[INFO] 
[INFO] --- resources:3.3.1:resources (default-resources) @ chancla-lite-auth ---
[INFO] Copying 1 resource from src\main\resources to target\classes
[INFO] Copying 0 resource from src\main\resources to target\classes
[INFO] 
[INFO] --- compiler:3.11.0:compile (default-compile) @ chancla-lite-auth ---
[INFO] Nothing to compile - all classes are up to date
[INFO] ------------------------------------------------------------------------
[INFO] BUILD SUCCESS
[INFO] ------------------------------------------------------------------------
[INFO] Total time:  1.811 s
[INFO] Finished at: 2026-03-13T15:36:15-05:00
[INFO] ------------------------------------------------------------------------
