[INFO] Scanning for projects...
[INFO] 
[INFO] -------------------< com.chancla:chancla-lite-auth >--------------------
[INFO] Building Chancla Lite Auth 0.0.1-SNAPSHOT
[INFO]   from pom.xml
[INFO] --------------------------------[ jar ]---------------------------------
[INFO] 
[INFO] --- resources:3.3.1:resources (default-resources) @ chancla-lite-auth ---
[INFO] Copying 1 resource from src\main\resources to target\classes
[INFO] Copying 0 resource from src\main\resources to target\classes
[INFO] 
[INFO] --- compiler:3.11.0:compile (default-compile) @ chancla-lite-auth ---
[INFO] Nothing to compile - all classes are up to date
[INFO] 
[INFO] --- resources:3.3.1:testResources (default-testResources) @ chancla-lite-auth ---
[INFO] skip non existing resourceDirectory C:\Users\ramiro.bociga\Documents\Proyecto MajoStep\BackendChanclas\chancla-lite-auth\src\test\resources
[INFO] 
[INFO] --- compiler:3.11.0:testCompile (default-testCompile) @ chancla-lite-auth ---
[INFO] Nothing to compile - all classes are up to date
[INFO] 
[INFO] --- surefire:3.5.4:test (default-test) @ chancla-lite-auth ---
[INFO] Using auto detected provider org.apache.maven.surefire.junitplatform.JUnitPlatformProvider
[INFO] 
[INFO] -------------------------------------------------------
[INFO]  T E S T S
[INFO] -------------------------------------------------------
[INFO] Running com.chancla.chancla_lite_auth.HashTest
HASH_FOR_TIENDA:$2a$10$4t3yt.pBcQ/OZ..QEB7use2s8EPhFbzTizWQEqEaynETaJXKcUfbK
HASH_FOR_ADMIN:$2a$10$.ZIHl09cuWwhx4.IbCvK7Os.BFfNfNxAplCso19CZwVDcTqdMjDQK
HASH_FOR_ADMIN123:$2a$10$WN./ej7FuUNeFHfYcruaCOzMRmVXJtn0D6CO3WRwHh6RXk/1LBIiy
[INFO] Tests run: 1, Failures: 0, Errors: 0, Skipped: 0, Time elapsed: 0.310 s -- in com.chancla.chancla_lite_auth.HashTest
[INFO] 
[INFO] Results:
[INFO] 
[INFO] Tests run: 1, Failures: 0, Errors: 0, Skipped: 0
[INFO] 
[INFO] ------------------------------------------------------------------------
[INFO] BUILD SUCCESS
[INFO] ------------------------------------------------------------------------
[INFO] Total time:  3.544 s
[INFO] Finished at: 2026-03-14T19:23:17-05:00
[INFO] ------------------------------------------------------------------------
